✅ Test "Post 0" passed for goal "search context"
✅ Test "Post 1" passed for goal "search context"
✅ Test "Post 2" passed for goal "search context"
✅ Test "Post 3" passed for goal "search context"
✅ Test "Post 4" passed for goal "search context"
✅ Test "Post 5" passed for goal "search context"
✅ Test "Post 6" passed for goal "search context"
✅ Test "Post 7" passed for goal "search context"
✅ Test "Post 8" passed for goal "search context"
✅ Test "Post 9" passed for goal "search context"
✅ Test "Post 10" passed for goal "search context"
📝 Registering implementation "version one" for goal "search context"
✅ Defined implementation "version one" for goal "search context"
🔗 Creating derived tests for goal "write note with search" from implementation "version one" of goal "search context"
✅ Successfully created derived tests for goal "write note with search" from "search context.version one"
📝 Registering implementation "write note v1" for goal "write note with search"
✅ Defined implementation "write note v1" for goal "write note with search"
[prefilter:2061712251178946955] "Made with AI" label check failed: forSelector: Timeout 15000ms exceeded.
Call log:
  - waiting for locator('article[data-testid="tweet"]') to be visible
 (assuming no label)
[searxng] provider=brave suspended for 180s; cycle will skip it until cool-down

[wants_note] needsNote=true (116730ms, $0.0131, q=5)
  tweet: Footage of Beyoncé and Jay-Z from one of P Diddy's parties has surfaced.😳 https://t.co/rL
  reason: The post claims that footage of Beyoncé and Jay-Z from a Diddy party has surfaced, which is a falsifiable factual assertion. Research findings from multiple fact-checkers unanimous

[no_note] needsNote=false (78352ms, $0.0089, q=3)
  tweet: New: A top White House aide intervened to get a $620 million Pentagon loan for a company t
  reason: The post's central claim — that a top White House aide intervened to secure a $620 million Pentagon loan for a company tied to Donald Trump Jr. — is verified as true by the researc
