11:27:37 #1 stream status=200 headers=0.8s firstByte=0.8s firstToken=0.8s end=2.4s chunks=42 provider=Venice finish=stop content=17 reasoning=477 usage={"reasoning_tokens":120,"image_tokens":0,"audio_
11:27:54 #1 plain  status=200 headers=1.1s firstByte=3.5s firstToken=18.8s end=18.8s chunks=7 provider=DigitalOcean finish=stop content=15 reasoning=628 usage={"completion":136,"reasoning":128}
11:27:58 #2 plain  status=200 headers=0.2s firstByte=0.5s firstToken=3.1s end=3.1s chunks=2 provider=DeepInfra finish=stop content=15 reasoning=793 usage={"completion":174,"reasoning":199}
11:28:11 #2 stream status=200 headers=0.8s firstByte=0.8s firstToken=0.8s end=16.1s chunks=542 provider=OpenInference finish=stop content=398 reasoning=2325 usage={"reasoning_tokens":524,"image_tokens
11:28:21 #3 plain  status=200 headers=0.3s firstByte=0.5s firstToken=6.1s end=6.1s chunks=3 provider=DeepInfra finish=stop content=250 reasoning=1261 usage={"completion":325,"reasoning":316}
11:28:26 #3 stream status=200 headers=0.9s firstByte=0.9s firstToken=0.9s end=11.2s chunks=386 provider=OpenInference finish=stop content=16 reasoning=1819 usage={"reasoning_tokens":398,"image_tokens"
11:28:39 #4 plain  status=200 headers=0.2s firstByte=0.5s firstToken=4.3s end=4.3s chunks=3 provider=DeepInfra finish=stop content=15 reasoning=954 usage={"completion":210,"reasoning":239}
11:28:53 #4 stream status=200 headers=0.9s firstByte=0.9s firstToken=0.9s end=18.2s chunks=725 provider=OpenInference finish=stop content=269 reasoning=3227 usage={"reasoning_tokens":742,"image_tokens
11:29:04 #5 plain  status=200 headers=0.2s firstByte=0.5s firstToken=8.7s end=8.7s chunks=4 provider=DeepInfra finish=stop content=15 reasoning=1953 usage={"completion":408,"reasoning":489}
11:29:05 #5 stream status=200 headers=1.0s firstByte=1.0s firstToken=1.0s end=9.9s chunks=347 provider=OpenInference finish=stop content=16 reasoning=1596 usage={"reasoning_tokens":352,"image_tokens":
11:29:16 #6 plain  status=200 headers=0.2s firstByte=0.5s firstToken=1.7s end=1.7s chunks=2 provider=DeepInfra finish=stop content=15 reasoning=461 usage={"completion":99,"reasoning":116}
11:29:32 #6 stream status=200 headers=0.7s firstByte=0.7s firstToken=0.7s end=17.6s chunks=611 provider=OpenInference finish=stop content=311 reasoning=2780 usage={"reasoning_tokens":619,"image_tokens
11:29:39 #7 plain  status=200 headers=0.2s firstByte=0.4s firstToken=3.7s end=3.7s chunks=3 provider=DeepInfra finish=stop content=17 reasoning=876 usage={"completion":194,"reasoning":219}
11:29:42 #7 stream status=200 headers=1.0s firstByte=1.0s firstToken=1.0s end=6.7s chunks=220 provider=OpenInference finish=stop content=16 reasoning=967 usage={"reasoning_tokens":218,"image_tokens":0
11:29:56 #8 plain  status=200 headers=0.2s firstByte=0.5s firstToken=1.4s end=1.4s chunks=2 provider=DeepInfra finish=stop content=17 reasoning=512 usage={"completion":113,"reasoning":128}
11:30:14 #8 stream status=200 headers=0.9s firstByte=0.9s firstToken=0.9s end=19.0s chunks=476 provider=OpenInference finish=stop content=16 reasoning=2213 usage={"reasoning_tokens":490,"image_tokens"
11:30:20 #9 plain  status=200 headers=0.2s firstByte=0.5s firstToken=5.1s end=5.1s chunks=3 provider=DeepInfra finish=stop content=15 reasoning=1620 usage={"completion":335,"reasoning":405}
11:30:26 #9 stream status=200 headers=1.1s firstByte=1.1s firstToken=1.1s end=11.2s chunks=359 provider=OpenInference finish=stop content=276 reasoning=1487 usage={"reasoning_tokens":334,"image_tokens
11:30:43 #10 plain  status=200 headers=0.2s firstByte=0.5s firstToken=8.3s end=8.3s chunks=4 provider=DeepInfra finish=stop content=402 reasoning=1928 usage={"completion":511,"reasoning":484}
11:30:45 #10 stream status=200 headers=1.0s firstByte=1.0s firstToken=1.0s end=10.2s chunks=333 provider=OpenInference finish=stop content=16 reasoning=1587 usage={"reasoning_tokens":350,"image_tokens
11:31:04 #11 plain  status=200 headers=0.2s firstByte=0.4s firstToken=9.4s end=9.4s chunks=4 provider=DeepInfra finish=stop content=228 reasoning=2948 usage={"completion":707,"reasoning":743}
11:31:11 #11 stream status=200 headers=0.8s firstByte=0.8s firstToken=0.8s end=15.7s chunks=479 provider=OpenInference finish=stop content=307 reasoning=2056 usage={"reasoning_tokens":446,"image_token
11:31:17 #12 plain  status=200 headers=0.7s firstByte=2.5s firstToken=2.5s end=2.5s chunks=1 provider=DeepInfra finish=stop content=15 reasoning=458 usage={"completion":105,"reasoning":115}
11:31:27 #12 stream status=200 headers=1.2s firstByte=1.2s firstToken=1.2s end=12.2s chunks=403 provider=OpenInference finish=stop content=309 reasoning=1615 usage={"reasoning_tokens":359,"image_token
11:31:44 #13 plain  status=200 headers=0.2s firstByte=0.4s firstToken=8.7s end=8.7s chunks=4 provider=DeepInfra finish=stop content=326 reasoning=2052 usage={"completion":510,"reasoning":513}
11:31:52 #13 stream status=200 headers=1.7s firstByte=1.7s firstToken=1.7s end=16.7s chunks=414 provider=OpenInference finish=stop content=16 reasoning=1973 usage={"reasoning_tokens":427,"image_tokens
11:32:11 #14 plain  status=200 headers=1.2s firstByte=3.5s firstToken=16.2s end=16.2s chunks=6 provider=OpenInference finish=stop content=275 reasoning=2195 usage={"completion":559,"reasoning":496}
11:32:22 #14 stream status=200 headers=1.0s firstByte=1.0s firstToken=1.0s end=26.8s chunks=1015 provider=OpenInference finish=stop content=302 reasoning=4685 usage={"reasoning_tokens":1052,"image_tok
11:32:29 #15 plain  status=200 headers=0.8s firstByte=3.4s firstToken=13.7s end=13.7s chunks=5 provider=OpenInference finish=stop content=307 reasoning=1964 usage={"completion":499,"reasoning":433}
11:32:30 #15 stream status=200 headers=1.3s firstByte=1.3s firstToken=1.3s end=15.4s chunks=499 provider=OpenInference finish=stop content=259 reasoning=2140 usage={"reasoning_tokens":484,"image_token
11:32:55 #16 stream status=200 headers=1.0s firstByte=1.0s firstToken=1.0s end=20.1s chunks=640 provider=OpenInference finish=stop content=310 reasoning=2969 usage={"reasoning_tokens":665,"image_token
11:32:59 #17 stream status=200 headers=2.8s firstByte=2.8s firstToken=2.8s end=4.5s chunks=100 provider=Parasail finish=stop content=15 reasoning=1054 usage={"reasoning_tokens":264,"image_tokens":0,"a
11:33:00 #16 plain  status=200 headers=1.1s firstByte=3.5s firstToken=25.3s end=25.3s chunks=9 provider=OpenInference finish=stop content=15 reasoning=4218 usage={"completion":952,"reasoning":944}
11:33:05 #17 plain  status=200 headers=1.0s firstByte=3.4s firstToken=10.4s end=10.4s chunks=4 provider=OpenInference finish=stop content=16 reasoning=1623 usage={"completion":367,"reasoning":359}
11:33:31 #18 stream status=200 headers=0.8s firstByte=0.8s firstToken=0.8s end=15.7s chunks=532 provider=OpenInference finish=stop content=266 reasoning=2373 usage={"reasoning_tokens":528,"image_token
11:33:42 #19 stream status=200 headers=1.0s firstByte=1.1s firstToken=1.1s end=7.3s chunks=220 provider=OpenInference finish=stop content=15 reasoning=962 usage={"reasoning_tokens":221,"image_tokens":
11:34:08 #20 plain  status=200 headers=1.1s firstByte=3.4s firstToken=13.0s end=13.0s chunks=5 provider=OpenInference finish=stop content=427 reasoning=1861 usage={"completion":504,"reasoning":419}
11:34:13 #20 stream status=200 headers=0.8s firstByte=0.8s firstToken=0.8s end=18.1s chunks=645 provider=OpenInference finish=stop content=286 reasoning=2840 usage={"reasoning_tokens":632,"image_token
11:34:27 #19 plain  status=200 headers=1.1s firstByte=3.5s firstToken=51.7s end=51.7s chunks=18 provider=OpenInference finish=stop content=16 reasoning=8766 usage={"completion":1976,"reasoning":1968}
11:34:29 #21 plain  status=200 headers=1.0s firstByte=3.4s firstToken=14.1s end=14.1s chunks=5 provider=OpenInference finish=stop content=280 reasoning=2076 usage={"completion":522,"reasoning":461}
11:34:44 #18 plain  status=200 headers=2.1s firstByte=4.7s firstToken=89.6s end=89.6s chunks=30 provider=DigitalOcean finish=stop content=15 reasoning=3673 usage={"completion":804,"reasoning":795}
11:34:49 #22 stream status=200 headers=1.2s firstByte=1.2s firstToken=1.2s end=14.6s chunks=377 provider=OpenInference finish=stop content=15 reasoning=1769 usage={"reasoning_tokens":380,"image_tokens
11:34:51 #21 stream status=200 headers=1.1s firstByte=1.1s firstToken=1.1s end=36.6s chunks=1242 provider=OpenInference finish=stop content=16 reasoning=5986 usage={"reasoning_tokens":1335,"image_toke
11:34:54 #22 plain  status=200 headers=1.3s firstByte=3.5s firstToken=19.1s end=19.1s chunks=7 provider=OpenInference finish=stop content=287 reasoning=2770 usage={"completion":691,"reasoning":626}
11:35:09 #23 stream status=200 headers=1.0s firstByte=1.0s firstToken=1.0s end=14.3s chunks=485 provider=OpenInference finish=stop content=309 reasoning=1992 usage={"reasoning_tokens":450,"image_token
11:35:25 #23 plain  status=200 headers=1.1s firstByte=3.4s firstToken=29.8s end=29.8s chunks=10 provider=OpenInference finish=stop content=288 reasoning=4399 usage={"completion":1083,"reasoning":1012}
11:35:28 #24 plain  status=200 headers=1.1s firstByte=3.4s firstToken=12.9s end=12.9s chunks=5 provider=OpenInference finish=stop content=374 reasoning=1554 usage={"completion":426,"reasoning":343}
11:35:35 #24 stream status=200 headers=0.9s firstByte=0.9s firstToken=0.9s end=20.5s chunks=690 provider=OpenInference finish=stop content=346 reasoning=3207 usage={"reasoning_tokens":700,"image_token
11:35:50 #25 stream status=200 headers=1.1s firstByte=1.1s firstToken=1.1s end=15.6s chunks=477 provider=OpenInference finish=stop content=262 reasoning=2163 usage={"reasoning_tokens":474,"image_token
11:36:03 #25 plain  status=200 headers=1.1s firstByte=3.4s firstToken=28.3s end=28.3s chunks=10 provider=OpenInference finish=stop content=15 reasoning=4418 usage={"completion":984,"reasoning":976}
11:36:09 #26 plain  status=200 headers=1.1s firstByte=3.4s firstToken=14.1s end=14.1s chunks=5 provider=OpenInference finish=stop content=15 reasoning=2335 usage={"completion":513,"reasoning":505}
11:36:09 #26 stream status=200 headers=0.7s firstByte=0.7s firstToken=0.7s end=14.4s chunks=503 provider=OpenInference finish=stop content=384 reasoning=2038 usage={"reasoning_tokens":459,"image_token
11:36:31 #27 stream status=200 headers=1.0s firstByte=1.0s firstToken=1.0s end=15.8s chunks=516 provider=OpenInference finish=stop content=252 reasoning=2149 usage={"reasoning_tokens":499,"image_token
11:36:31 #27 plain  status=200 headers=0.9s firstByte=3.4s firstToken=16.2s end=16.2s chunks=6 provider=OpenInference finish=stop content=318 reasoning=2421 usage={"completion":612,"reasoning":541}
11:36:42 #28 stream status=200 headers=1.0s firstByte=1.0s firstToken=1.0s end=7.5s chunks=176 provider=OpenInference finish=stop content=16 reasoning=802 usage={"reasoning_tokens":173,"image_tokens":
11:36:47 #28 plain  status=200 headers=0.7s firstByte=3.4s firstToken=12.2s end=12.2s chunks=4 provider=OpenInference finish=stop content=361 reasoning=1664 usage={"completion":452,"reasoning":375}
11:37:09 #29 plain  status=200 headers=0.8s firstByte=3.5s firstToken=14.6s end=14.6s chunks=5 provider=OpenInference finish=stop content=339 reasoning=2176 usage={"completion":554,"reasoning":483}
11:37:12 #29 stream status=200 headers=0.8s firstByte=0.8s firstToken=0.8s end=16.8s chunks=587 provider=OpenInference finish=stop content=380 reasoning=2478 usage={"reasoning_tokens":552,"image_token
11:37:28 #30 plain  status=200 headers=0.8s firstByte=3.4s firstToken=13.2s end=13.2s chunks=5 provider=OpenInference finish=stop content=325 reasoning=1801 usage={"completion":467,"reasoning":394}
11:37:35 #30 stream status=200 headers=1.0s firstByte=1.0s firstToken=1.0s end=20.4s chunks=665 provider=OpenInference finish=stop content=333 reasoning=3066 usage={"reasoning_tokens":669,"image_token
11:37:48 #31 stream status=200 headers=1.0s firstByte=1.0s firstToken=1.0s end=13.3s chunks=442 provider=OpenInference finish=stop content=256 reasoning=1982 usage={"reasoning_tokens":430,"image_token
11:37:59 #31 plain  status=200 headers=1.2s firstByte=3.4s firstToken=23.7s end=23.7s chunks=8 provider=OpenInference finish=stop content=306 reasoning=3268 usage={"completion":802,"reasoning":736}
11:38:10 #32 plain  status=200 headers=0.8s firstByte=3.4s firstToken=15.5s end=15.5s chunks=5 provider=OpenInference finish=stop content=281 reasoning=2234 usage={"completion":560,"reasoning":497}
11:38:28 #33 stream status=200 headers=1.0s firstByte=1.0s firstToken=1.0s end=12.9s chunks=405 provider=OpenInference finish=stop content=261 reasoning=1679 usage={"reasoning_tokens":389,"image_token
11:38:28 #33 plain  status=200 headers=0.9s firstByte=3.4s firstToken=13.2s end=13.2s chunks=5 provider=OpenInference finish=stop content=15 reasoning=2047 usage={"completion":458,"reasoning":450}
11:38:48 #32 stream status=200 headers=0.8s firstByte=0.8s firstToken=0.8s end=53.0s chunks=1838 provider=OpenInference finish=stop content=346 reasoning=8888 usage={"reasoning_tokens":1993,"image_tok
11:38:49 #34 plain  status=200 headers=0.7s firstByte=3.4s firstToken=14.5s end=14.5s chunks=5 provider=OpenInference finish=stop content=262 reasoning=1904 usage={"completion":511,"reasoning":445}
11:39:02 #34 stream status=200 headers=0.8s firstByte=0.8s firstToken=0.8s end=27.3s chunks=944 provider=OpenInference finish=stop content=270 reasoning=4383 usage={"reasoning_tokens":987,"image_token
11:39:14 #35 plain  status=200 headers=1.0s firstByte=3.4s firstToken=18.9s end=18.9s chunks=7 provider=OpenInference finish=stop content=285 reasoning=1901 usage={"completion":484,"reasoning":416}
11:39:22 #35 stream status=200 headers=0.6s firstByte=0.6s firstToken=0.6s end=26.7s chunks=946 provider=OpenInference finish=stop content=15 reasoning=4599 usage={"reasoning_tokens":1019,"image_token
11:39:33 #36 plain  status=200 headers=1.1s firstByte=3.5s firstToken=17.7s end=17.7s chunks=6 provider=OpenInference finish=stop content=316 reasoning=2506 usage={"completion":632,"reasoning":561}
11:39:33 #36 stream status=200 headers=1.0s firstByte=1.0s firstToken=1.0s end=17.8s chunks=592 provider=OpenInference finish=stop content=259 reasoning=2616 usage={"reasoning_tokens":581,"image_token
11:39:51 #37 plain  status=200 headers=1.3s firstByte=3.4s firstToken=15.7s end=15.7s chunks=6 provider=OpenInference finish=stop content=15 reasoning=2712 usage={"completion":602,"reasoning":594}
11:39:54 #37 stream status=200 headers=1.1s firstByte=1.1s firstToken=1.1s end=19.4s chunks=449 provider=OpenInference finish=stop content=235 reasoning=2051 usage={"reasoning_tokens":442,"image_token
11:40:08 #38 plain  status=200 headers=0.9s firstByte=3.4s firstToken=13.1s end=13.1s chunks=5 provider=OpenInference finish=stop content=321 reasoning=1834 usage={"completion":462,"reasoning":394}
11:40:15 #38 stream status=200 headers=0.9s firstByte=0.9s firstToken=0.9s end=20.0s chunks=696 provider=OpenInference finish=stop content=342 reasoning=3164 usage={"reasoning_tokens":706,"image_token
11:40:31 #39 plain  status=200 headers=1.1s firstByte=3.4s firstToken=16.5s end=16.5s chunks=6 provider=OpenInference finish=stop content=15 reasoning=2850 usage={"completion":621,"reasoning":613}
11:40:37 #39 stream status=200 headers=0.8s firstByte=0.8s firstToken=0.8s end=22.5s chunks=770 provider=OpenInference finish=stop content=257 reasoning=3478 usage={"reasoning_tokens":797,"image_token
11:40:46 #40 stream status=200 headers=0.8s firstByte=0.8s firstToken=0.8s end=11.3s chunks=353 provider=OpenInference finish=stop content=323 reasoning=1402 usage={"reasoning_tokens":314,"image_token
11:40:56 #40 plain  status=200 headers=0.9s firstByte=3.4s firstToken=21.1s end=21.1s chunks=7 provider=OpenInference finish=stop content=319 reasoning=3628 usage={"completion":936,"reasoning":848}
11:41:15 #41 stream status=200 headers=1.1s firstByte=1.1s firstToken=1.1s end=20.2s chunks=651 provider=OpenInference finish=stop content=310 reasoning=2943 usage={"reasoning_tokens":662,"image_token
11:41:18 #41 plain  status=200 headers=1.1s firstByte=3.4s firstToken=23.4s end=23.4s chunks=8 provider=OpenInference finish=stop content=234 reasoning=3598 usage={"completion":870,"reasoning":818}
11:41:29 #42 stream status=200 headers=0.8s firstByte=0.8s firstToken=0.8s end=13.7s chunks=491 provider=OpenInference finish=stop content=250 reasoning=2171 usage={"reasoning_tokens":488,"image_token
11:41:31 #42 plain  status=200 headers=1.0s firstByte=3.4s firstToken=16.3s end=16.3s chunks=6 provider=OpenInference finish=stop content=16 reasoning=2849 usage={"completion":618,"reasoning":610}
11:41:45 #43 stream status=200 headers=0.7s firstByte=0.7s firstToken=0.7s end=10.2s chunks=330 provider=OpenInference finish=stop content=15 reasoning=1617 usage={"reasoning_tokens":357,"image_tokens
11:41:57 #43 plain  status=200 headers=1.0s firstByte=3.4s firstToken=22.6s end=22.6s chunks=8 provider=OpenInference finish=stop content=268 reasoning=3547 usage={"completion":861,"reasoning":798}
11:42:09 #44 stream status=200 headers=1.1s firstByte=1.1s firstToken=1.1s end=14.2s chunks=417 provider=OpenInference finish=stop content=357 reasoning=1712 usage={"reasoning_tokens":375,"image_token
11:42:14 #44 plain  status=200 headers=0.9s firstByte=3.4s firstToken=18.8s end=18.8s chunks=7 provider=OpenInference finish=stop content=355 reasoning=3206 usage={"completion":772,"reasoning":699}
11:42:22 #45 plain  status=200 headers=0.8s firstByte=3.4s firstToken=7.3s end=7.3s chunks=3 provider=OpenInference finish=stop content=16 reasoning=1189 usage={"completion":267,"reasoning":259}
11:42:42 #45 stream status=200 headers=0.8s firstByte=0.8s firstToken=0.8s end=27.1s chunks=720 provider=OpenInference finish=stop content=343 reasoning=3232 usage={"reasoning_tokens":718,"image_token
11:42:51 #46 stream status=200 headers=1.2s firstByte=1.2s firstToken=1.2s end=16.4s chunks=522 provider=OpenInference finish=stop content=271 reasoning=2328 usage={"reasoning_tokens":510,"image_token
11:42:54 #46 plain  status=200 headers=0.8s firstByte=3.4s firstToken=19.2s end=19.2s chunks=7 provider=OpenInference finish=stop content=341 reasoning=3181 usage={"completion":763,"reasoning":695}
11:43:11 #47 stream status=200 headers=0.9s firstByte=0.9s firstToken=0.9s end=15.8s chunks=529 provider=OpenInference finish=stop content=15 reasoning=2523 usage={"reasoning_tokens":556,"image_tokens
11:43:18 #47 plain  status=200 headers=0.9s firstByte=3.4s firstToken=22.9s end=22.9s chunks=8 provider=OpenInference finish=stop content=459 reasoning=2431 usage={"completion":614,"reasoning":518}
11:43:35 #48 plain  status=200 headers=1.2s firstByte=3.4s firstToken=20.6s end=20.6s chunks=7 provider=OpenInference finish=stop content=257 reasoning=2037 usage={"completion":527,"reasoning":462}
11:43:36 #48 stream status=200 headers=0.9s firstByte=0.9s firstToken=0.9s end=21.1s chunks=691 provider=OpenInference finish=stop content=358 reasoning=3310 usage={"reasoning_tokens":706,"image_token
11:43:45 #49 stream status=200 headers=1.0s firstByte=1.0s firstToken=1.0s end=10.3s chunks=322 provider=OpenInference finish=stop content=15 reasoning=1533 usage={"reasoning_tokens":339,"image_tokens
11:43:57 #49 plain  status=200 headers=1.0s firstByte=3.4s firstToken=21.6s end=21.6s chunks=8 provider=OpenInference finish=stop content=389 reasoning=2174 usage={"completion":557,"reasoning":477}
11:44:07 #50 plain  status=200 headers=0.9s firstByte=3.4s firstToken=12.3s end=12.3s chunks=4 provider=OpenInference finish=stop content=394 reasoning=1654 usage={"completion":433,"reasoning":354}
11:44:22 #50 stream status=200 headers=1.0s firstByte=1.0s firstToken=1.0s end=27.2s chunks=986 provider=OpenInference finish=stop content=15 reasoning=4659 usage={"reasoning_tokens":1051,"image_token
11:44:27 #51 stream status=200 headers=1.0s firstByte=1.0s firstToken=1.0s end=12.4s chunks=406 provider=OpenInference finish=stop content=344 reasoning=1605 usage={"reasoning_tokens":368,"image_token
11:44:30 #51 plain  status=200 headers=0.9s firstByte=3.5s firstToken=15.5s end=15.5s chunks=6 provider=OpenInference finish=stop content=392 reasoning=1945 usage={"completion":542,"reasoning":444}
11:44:54 #52 plain  status=200 headers=1.1s firstByte=3.4s firstToken=19.1s end=19.1s chunks=7 provider=OpenInference finish=stop content=269 reasoning=2768 usage={"completion":696,"reasoning":630}
11:44:56 #52 stream status=200 headers=0.8s firstByte=0.8s firstToken=0.8s end=21.4s chunks=551 provider=OpenInference finish=stop content=337 reasoning=2355 usage={"reasoning_tokens":535,"image_token
11:45:21 #53 stream status=200 headers=1.2s firstByte=1.2s firstToken=1.2s end=26.5s chunks=877 provider=OpenInference finish=stop content=15 reasoning=4323 usage={"reasoning_tokens":951,"image_tokens
11:45:22 #53 plain  status=200 headers=0.9s firstByte=3.4s firstToken=27.1s end=27.1s chunks=9 provider=OpenInference finish=stop content=318 reasoning=4473 usage={"completion":1075,"reasoning":1006}
11:45:44 #54 stream status=200 headers=1.1s firstByte=1.1s firstToken=1.1s end=29.2s chunks=597 provider=OpenInference finish=stop content=272 reasoning=2663 usage={"reasoning_tokens":598,"image_token
11:45:56 #55 plain  status=200 headers=0.9s firstByte=3.4s firstToken=20.8s end=20.8s chunks=7 provider=OpenInference finish=stop content=303 reasoning=3237 usage={"completion":788,"reasoning":720}
11:45:57 #55 stream status=200 headers=1.0s firstByte=1.0s firstToken=1.0s end=21.9s chunks=719 provider=OpenInference finish=stop content=298 reasoning=3309 usage={"reasoning_tokens":739,"image_token
11:46:00 #54 plain  status=200 headers=1.0s firstByte=3.5s firstToken=45.6s end=45.6s chunks=17 provider=OpenInference finish=stop content=244 reasoning=8048 usage={"completion":1830,"reasoning":1773}
11:46:12 #56 stream status=200 headers=1.1s firstByte=1.1s firstToken=1.1s end=17.3s chunks=528 provider=OpenInference finish=stop content=289 reasoning=2314 usage={"reasoning_tokens":520,"image_token
11:46:19 #56 plain  status=200 headers=1.1s firstByte=3.4s firstToken=23.7s end=23.7s chunks=8 provider=OpenInference finish=stop content=271 reasoning=3411 usage={"completion":820,"reasoning":751}
11:46:37 #57 plain  status=200 headers=1.1s firstByte=3.4s firstToken=21.7s end=21.8s chunks=8 provider=OpenInference finish=stop content=386 reasoning=3162 usage={"completion":789,"reasoning":701}
11:46:37 #57 stream status=200 headers=1.3s firstByte=1.3s firstToken=1.3s end=22.2s chunks=541 provider=OpenInference finish=stop content=15 reasoning=2638 usage={"reasoning_tokens":573,"image_tokens
11:46:50 #58 stream status=200 headers=0.9s firstByte=0.9s firstToken=0.9s end=14.6s chunks=465 provider=OpenInference finish=stop content=277 reasoning=2023 usage={"reasoning_tokens":453,"image_token
11:47:07 #58 plain  status=200 headers=0.9s firstByte=3.4s firstToken=31.8s end=31.8s chunks=11 provider=OpenInference finish=stop content=304 reasoning=4813 usage={"completion":1124,"reasoning":1057}
11:47:11 #59 plain  status=200 headers=1.1s firstByte=3.4s firstToken=16.3s end=16.3s chunks=6 provider=OpenInference finish=stop content=334 reasoning=2022 usage={"completion":526,"reasoning":452}
11:47:23 #59 stream status=200 headers=0.8s firstByte=0.8s firstToken=0.8s end=27.9s chunks=704 provider=OpenInference finish=stop content=244 reasoning=3049 usage={"reasoning_tokens":691,"image_token
11:47:36 #60 plain  status=200 headers=1.1s firstByte=3.5s firstToken=21.5s end=21.5s chunks=7 provider=OpenInference finish=stop content=311 reasoning=3057 usage={"completion":745,"reasoning":680}
11:47:37 #60 stream status=200 headers=1.0s firstByte=1.0s firstToken=1.0s end=21.8s chunks=758 provider=OpenInference finish=stop content=342 reasoning=3471 usage={"reasoning_tokens":754,"image_token
11:47:52 #61 plain  status=200 headers=1.0s firstByte=3.4s firstToken=17.3s end=17.3s chunks=6 provider=OpenInference finish=stop content=281 reasoning=2452 usage={"completion":609,"reasoning":546}
11:47:54 #61 stream status=200 headers=0.8s firstByte=0.8s firstToken=0.8s end=19.2s chunks=634 provider=OpenInference finish=stop content=398 reasoning=2755 usage={"reasoning_tokens":609,"image_token
11:48:19 #62 plain  status=200 headers=1.1s firstByte=3.6s firstToken=24.2s end=24.2s chunks=8 provider=OpenInference finish=stop content=317 reasoning=4032 usage={"completion":954,"reasoning":888}
11:48:27 #62 stream status=200 headers=1.0s firstByte=1.0s firstToken=1.0s end=31.9s chunks=1066 provider=OpenInference finish=stop content=228 reasoning=5014 usage={"reasoning_tokens":1138,"image_tok
11:48:32 #63 stream status=200 headers=0.9s firstByte=0.9s firstToken=0.9s end=16.9s chunks=566 provider=OpenInference finish=stop content=16 reasoning=2688 usage={"reasoning_tokens":592,"image_tokens
11:48:35 #63 plain  status=200 headers=1.0s firstByte=3.4s firstToken=20.5s end=20.5s chunks=7 provider=OpenInference finish=stop content=362 reasoning=3178 usage={"completion":778,"reasoning":699}
11:48:53 #64 plain  status=200 headers=0.9s firstByte=3.4s firstToken=18.4s end=18.4s chunks=6 provider=OpenInference finish=stop content=278 reasoning=2627 usage={"completion":653,"reasoning":592}
11:48:55 #64 stream status=200 headers=1.0s firstByte=1.0s firstToken=1.0s end=20.2s chunks=660 provider=OpenInference finish=stop content=15 reasoning=3290 usage={"reasoning_tokens":707,"image_tokens
11:49:21 #65 stream status=200 headers=0.9s firstByte=0.9s firstToken=0.9s end=25.9s chunks=873 provider=OpenInference finish=stop content=288 reasoning=4152 usage={"reasoning_tokens":923,"image_token
11:49:29 #65 plain  status=200 headers=0.8s firstByte=3.5s firstToken=34.2s end=34.2s chunks=13 provider=OpenInference finish=stop content=267 reasoning=5635 usage={"completion":1301,"reasoning":1243}
11:49:33 #66 plain  status=200 headers=0.8s firstByte=3.4s firstToken=18.0s end=18.0s chunks=6 provider=OpenInference finish=stop content=336 reasoning=2411 usage={"completion":629,"reasoning":555}
11:49:47 #66 stream status=200 headers=1.0s firstByte=1.0s firstToken=1.0s end=32.3s chunks=1106 provider=OpenInference finish=stop content=269 reasoning=5306 usage={"reasoning_tokens":1168,"image_tok
11:49:49 #67 stream status=200 headers=0.9s firstByte=0.9s firstToken=0.9s end=13.9s chunks=464 provider=OpenInference finish=stop content=15 reasoning=2241 usage={"reasoning_tokens":491,"image_tokens
11:50:04 #67 plain  status=200 headers=1.1s firstByte=3.4s firstToken=29.5s end=29.5s chunks=10 provider=OpenInference finish=stop content=241 reasoning=4085 usage={"completion":1000,"reasoning":945}
11:50:10 #68 stream status=200 headers=1.0s firstByte=1.0s firstToken=1.0s end=15.1s chunks=439 provider=OpenInference finish=stop content=304 reasoning=1944 usage={"reasoning_tokens":429,"image_token
11:50:12 #68 plain  status=200 headers=1.1s firstByte=3.5s firstToken=16.6s end=16.6s chunks=6 provider=OpenInference finish=stop content=273 reasoning=1671 usage={"completion":436,"reasoning":368}
11:50:34 #69 plain  status=200 headers=1.1s firstByte=3.4s firstToken=18.6s end=18.6s chunks=7 provider=OpenInference finish=stop content=265 reasoning=2576 usage={"completion":654,"reasoning":594}
11:50:37 #69 stream status=200 headers=1.2s firstByte=1.2s firstToken=1.2s end=21.6s chunks=696 provider=OpenInference finish=stop content=16 reasoning=3367 usage={"reasoning_tokens":760,"image_tokens
11:50:58 #70 plain  status=200 headers=0.8s firstByte=3.4s firstToken=23.3s end=23.3s chunks=8 provider=OpenInference finish=stop content=290 reasoning=3734 usage={"completion":873,"reasoning":810}
11:51:01 #70 stream status=200 headers=0.9s firstByte=0.9s firstToken=0.9s end=25.7s chunks=816 provider=OpenInference finish=stop content=290 reasoning=3785 usage={"reasoning_tokens":833,"image_token
11:51:10 #71 stream status=200 headers=1.0s firstByte=1.0s firstToken=1.0s end=15.4s chunks=523 provider=OpenInference finish=stop content=273 reasoning=2350 usage={"reasoning_tokens":514,"image_token
11:51:11 #71 plain  status=200 headers=0.9s firstByte=3.4s firstToken=15.9s end=15.9s chunks=6 provider=OpenInference finish=stop content=272 reasoning=2490 usage={"completion":599,"reasoning":538}
11:51:31 #72 plain  status=200 headers=1.1s firstByte=3.4s firstToken=16.0s end=16.0s chunks=6 provider=OpenInference finish=stop content=319 reasoning=2528 usage={"completion":611,"reasoning":548}
11:51:33 #72 stream status=200 headers=1.1s firstByte=1.1s firstToken=1.1s end=18.1s chunks=517 provider=OpenInference finish=stop content=356 reasoning=2204 usage={"reasoning_tokens":482,"image_token
11:51:47 #73 plain  status=200 headers=0.9s firstByte=3.5s firstToken=12.0s end=12.0s chunks=4 provider=OpenInference finish=stop content=307 reasoning=1711 usage={"completion":436,"reasoning":373}
11:51:52 #73 stream status=200 headers=1.1s firstByte=1.1s firstToken=1.1s end=16.7s chunks=566 provider=OpenInference finish=stop content=316 reasoning=2466 usage={"reasoning_tokens":550,"image_token
11:52:05 #74 stream status=200 headers=1.1s firstByte=1.1s firstToken=1.1s end=9.9s chunks=320 provider=OpenInference finish=stop content=16 reasoning=1488 usage={"reasoning_tokens":330,"image_tokens"
11:52:10 #74 plain  status=200 headers=1.0s firstByte=3.4s firstToken=14.7s end=14.7s chunks=5 provider=OpenInference finish=stop content=15 reasoning=2468 usage={"completion":537,"reasoning":529}
11:52:29 #75 plain  status=200 headers=1.0s firstByte=3.5s firstToken=14.0s end=14.0s chunks=5 provider=OpenInference finish=stop content=292 reasoning=2055 usage={"completion":509,"reasoning":446}
11:52:39 #75 stream status=200 headers=1.0s firstByte=1.0s firstToken=1.0s end=24.1s chunks=708 provider=OpenInference finish=stop content=362 reasoning=3178 usage={"reasoning_tokens":699,"image_token
11:52:49 #76 stream status=200 headers=0.8s firstByte=0.8s firstToken=0.8s end=13.9s chunks=429 provider=OpenInference finish=stop content=367 reasoning=1695 usage={"reasoning_tokens":375,"image_token
11:52:53 #76 plain  status=200 headers=0.9s firstByte=3.4s firstToken=18.2s end=18.2s chunks=6 provider=OpenInference finish=stop content=352 reasoning=2251 usage={"completion":583,"reasoning":506}
11:53:05 #77 plain  status=200 headers=1.0s firstByte=3.4s firstToken=10.0s end=10.0s chunks=4 provider=OpenInference finish=stop content=15 reasoning=1532 usage={"completion":353,"reasoning":345}
11:53:13 #77 stream status=200 headers=0.9s firstByte=0.9s firstToken=0.9s end=18.3s chunks=441 provider=OpenInference finish=stop content=319 reasoning=1884 usage={"reasoning_tokens":410,"image_token
11:53:27 #78 stream status=200 headers=0.8s firstByte=0.8s firstToken=0.8s end=12.1s chunks=392 provider=OpenInference finish=stop content=359 reasoning=1579 usage={"reasoning_tokens":355,"image_token
11:53:47 #79 stream status=200 headers=1.0s firstByte=1.0s firstToken=1.0s end=12.4s chunks=398 provider=OpenInference finish=stop content=16 reasoning=1852 usage={"reasoning_tokens":405,"image_tokens
11:53:56 #79 plain  status=200 headers=1.0s firstByte=3.4s firstToken=20.6s end=20.6s chunks=7 provider=OpenInference finish=stop content=358 reasoning=2462 usage={"completion":626,"reasoning":548}
11:53:58 #78 plain  status=200 headers=1.1s firstByte=3.4s firstToken=43.4s end=43.4s chunks=15 provider=OpenInference finish=stop content=227 reasoning=6961 usage={"completion":1622,"reasoning":1564}
11:54:13 #80 stream status=200 headers=0.8s firstByte=0.8s firstToken=0.8s end=17.8s chunks=526 provider=OpenInference finish=stop content=326 reasoning=2276 usage={"reasoning_tokens":498,"image_token
11:54:16 #80 plain  status=200 headers=0.9s firstByte=3.4s firstToken=21.0s end=21.0s chunks=7 provider=OpenInference finish=stop content=358 reasoning=2462 usage={"completion":626,"reasoning":548}
11:54:35 #81 plain  status=200 headers=1.1s firstByte=3.5s firstToken=20.2s end=20.2s chunks=7 provider=OpenInference finish=stop content=247 reasoning=2888 usage={"completion":703,"reasoning":646}
11:54:36 #81 stream status=200 headers=0.8s firstByte=0.8s firstToken=0.8s end=21.4s chunks=537 provider=OpenInference finish=stop content=332 reasoning=2375 usage={"reasoning_tokens":513,"image_token
11:54:52 #82 stream status=200 headers=0.8s firstByte=0.8s firstToken=0.8s end=17.3s chunks=564 provider=OpenInference finish=stop content=303 reasoning=2381 usage={"reasoning_tokens":542,"image_token
11:54:55 #82 plain  status=200 headers=0.9s firstByte=3.4s firstToken=19.9s end=19.9s chunks=7 provider=OpenInference finish=stop content=422 reasoning=2751 usage={"completion":697,"reasoning":609}
11:55:08 #83 stream status=200 headers=1.0s firstByte=1.0s firstToken=1.0s end=12.5s chunks=410 provider=OpenInference finish=stop content=356 reasoning=1638 usage={"reasoning_tokens":365,"image_token
11:55:24 #84 stream status=200 headers=1.1s firstByte=1.1s firstToken=1.1s end=9.4s chunks=300 provider=OpenInference finish=stop content=15 reasoning=1445 usage={"reasoning_tokens":314,"image_tokens"
11:55:30 #84 plain  status=200 headers=1.0s firstByte=3.4s firstToken=14.5s end=14.5s chunks=5 provider=OpenInference finish=stop content=310 reasoning=2061 usage={"completion":521,"reasoning":455}
11:55:30 #83 plain  status=200 headers=0.9s firstByte=3.4s firstToken=35.4s end=35.4s chunks=13 provider=OpenInference finish=stop content=298 reasoning=5661 usage={"completion":1354,"reasoning":1277}
11:55:42 #85 plain  status=200 headers=1.1s firstByte=3.4s firstToken=7.0s end=7.0s chunks=3 provider=OpenInference finish=stop content=15 reasoning=1002 usage={"completion":226,"reasoning":218}
11:55:58 #85 stream status=200 headers=0.9s firstByte=0.9s firstToken=0.9s end=22.9s chunks=707 provider=OpenInference finish=stop content=267 reasoning=3231 usage={"reasoning_tokens":726,"image_token
11:56:13 #86 stream status=200 headers=1.0s firstByte=1.0s firstToken=1.0s end=18.2s chunks=597 provider=OpenInference finish=stop content=16 reasoning=2944 usage={"reasoning_tokens":649,"image_tokens
11:56:25 #86 plain  status=200 headers=0.8s firstByte=3.4s firstToken=29.8s end=29.8s chunks=10 provider=OpenInference finish=stop content=270 reasoning=2547 usage={"completion":654,"reasoning":589}
11:56:28 #87 plain  status=200 headers=0.7s firstByte=3.4s firstToken=13.2s end=13.2s chunks=5 provider=OpenInference finish=stop content=318 reasoning=1898 usage={"completion":477,"reasoning":410}
11:56:42 #88 stream status=200 headers=0.9s firstByte=0.9s firstToken=0.9s end=7.1s chunks=269 provider=OpenInference finish=stop content=16 reasoning=1226 usage={"reasoning_tokens":272,"image_tokens"
11:56:43 #87 stream status=200 headers=0.9s firstByte=0.9s firstToken=0.9s end=28.1s chunks=921 provider=OpenInference finish=stop content=311 reasoning=4222 usage={"reasoning_tokens":943,"image_token
11:56:50 #88 plain  status=200 headers=1.2s firstByte=3.5s firstToken=15.4s end=15.4s chunks=5 provider=OpenInference finish=stop content=384 reasoning=1886 usage={"completion":494,"reasoning":415}
11:57:11 #89 plain  status=200 headers=0.9s firstByte=3.4s firstToken=15.9s end=15.9s chunks=6 provider=OpenInference finish=stop content=228 reasoning=1990 usage={"completion":513,"reasoning":457}
11:57:27 #90 stream status=200 headers=1.2s firstByte=1.2s firstToken=1.2s end=11.9s chunks=332 provider=OpenInference finish=stop content=16 reasoning=1692 usage={"reasoning_tokens":365,"image_tokens
11:57:40 #90 plain  status=200 headers=1.0s firstByte=3.4s firstToken=24.9s end=24.9s chunks=9 provider=OpenInference finish=stop content=284 reasoning=3760 usage={"completion":905,"reasoning":845}
11:57:50 #91 stream status=200 headers=1.1s firstByte=1.1s firstToken=1.1s end=15.3s chunks=499 provider=OpenInference finish=stop content=374 reasoning=1999 usage={"reasoning_tokens":455,"image_token
11:57:55 #91 plain  status=200 headers=0.8s firstByte=3.4s firstToken=19.8s end=19.8s chunks=7 provider=OpenInference finish=stop content=311 reasoning=3224 usage={"completion":764,"reasoning":697}
11:58:02 #89 stream status=200 headers=1.1s firstByte=1.1s firstToken=1.1s end=67.1s chunks=2188 provider=OpenInference finish=stop content=16 reasoning=10925 usage={"reasoning_tokens":2459,"image_tok
11:58:15 #92 stream status=200 headers=1.2s firstByte=1.2s firstToken=1.2s end=19.8s chunks=478 provider=OpenInference finish=stop content=320 reasoning=2053 usage={"reasoning_tokens":452,"image_token
11:58:16 #92 plain  status=200 headers=1.1s firstByte=3.5s firstToken=20.6s end=20.6s chunks=7 provider=OpenInference finish=stop content=329 reasoning=2138 usage={"completion":547,"reasoning":478}
11:58:22 #93 stream status=200 headers=0.8s firstByte=0.8s firstToken=0.8s end=7.5s chunks=244 provider=OpenInference finish=stop content=16 reasoning=1161 usage={"reasoning_tokens":258,"image_tokens"
11:58:43 #93 plain  status=200 headers=1.3s firstByte=3.5s firstToken=27.7s end=27.7s chunks=10 provider=OpenInference finish=stop content=258 reasoning=4562 usage={"completion":1079,"reasoning":1012}
11:58:55 #94 stream status=200 headers=0.9s firstByte=0.9s firstToken=0.9s end=19.7s chunks=660 provider=OpenInference finish=stop content=336 reasoning=2964 usage={"reasoning_tokens":669,"image_token
11:58:58 #94 plain  status=200 headers=0.8s firstByte=3.5s firstToken=22.5s end=22.5s chunks=8 provider=OpenInference finish=stop content=15 reasoning=3757 usage={"completion":843,"reasoning":835}
11:59:04 #95 stream status=200 headers=1.0s firstByte=1.0s firstToken=1.0s end=9.3s chunks=293 provider=OpenInference finish=stop content=16 reasoning=1462 usage={"reasoning_tokens":311,"image_tokens"
11:59:09 #95 plain  status=200 headers=0.9s firstByte=3.4s firstToken=13.7s end=13.7s chunks=5 provider=OpenInference finish=stop content=15 reasoning=2333 usage={"completion":530,"reasoning":522}
11:59:29 #96 stream status=200 headers=1.1s firstByte=1.1s firstToken=1.1s end=14.5s chunks=476 provider=OpenInference finish=stop content=15 reasoning=2303 usage={"reasoning_tokens":503,"image_tokens
11:59:33 #96 plain  status=200 headers=1.4s firstByte=3.4s firstToken=18.4s end=18.4s chunks=6 provider=OpenInference finish=stop content=295 reasoning=2422 usage={"completion":611,"reasoning":545}
11:59:46 #97 plain  status=200 headers=1.0s firstByte=3.4s firstToken=11.4s end=11.4s chunks=4 provider=OpenInference finish=stop content=16 reasoning=1890 usage={"completion":404,"reasoning":396}
11:59:46 #97 stream status=200 headers=1.0s firstByte=1.0s firstToken=1.0s end=11.5s chunks=387 provider=OpenInference finish=stop content=15 reasoning=1796 usage={"reasoning_tokens":402,"image_tokens
12:00:08 #98 plain  status=200 headers=0.9s firstByte=3.4s firstToken=13.4s end=13.4s chunks=5 provider=OpenInference finish=stop content=225 reasoning=2028 usage={"completion":552,"reasoning":486}
12:00:20 #98 stream status=200 headers=0.9s firstByte=0.9s firstToken=0.9s end=25.0s chunks=793 provider=OpenInference finish=stop content=305 reasoning=3779 usage={"reasoning_tokens":812,"image_token
12:00:25 #99 plain  status=200 headers=1.0s firstByte=3.4s firstToken=10.4s end=10.4s chunks=4 provider=OpenInference finish=stop content=16 reasoning=1613 usage={"completion":364,"reasoning":356}
12:00:30 #99 stream status=200 headers=0.8s firstByte=0.8s firstToken=0.8s end=14.9s chunks=512 provider=OpenInference finish=stop content=16 reasoning=2490 usage={"reasoning_tokens":543,"image_tokens
12:00:46 #100 stream status=200 headers=0.8s firstByte=0.8s firstToken=0.8s end=11.1s chunks=421 provider=OpenInference finish=stop content=16 reasoning=2067 usage={"reasoning_tokens":448,"image_token
12:00:53 #100 plain  status=200 headers=0.9s firstByte=3.4s firstToken=18.0s end=18.0s chunks=6 provider=OpenInference finish=stop content=285 reasoning=2672 usage={"completion":649,"reasoning":588}
12:01:05 #101 plain  status=200 headers=0.9s firstByte=3.4s firstToken=10.0s end=10.0s chunks=4 provider=OpenInference finish=stop content=15 reasoning=1620 usage={"completion":368,"reasoning":360}
12:01:07 #101 stream status=200 headers=1.0s firstByte=1.0s firstToken=1.0s end=12.0s chunks=404 provider=OpenInference finish=stop content=16 reasoning=1935 usage={"reasoning_tokens":420,"image_token
12:01:32 #102 stream status=200 headers=1.0s firstByte=1.0s firstToken=1.0s end=17.2s chunks=546 provider=OpenInference finish=stop content=322 reasoning=2451 usage={"reasoning_tokens":538,"image_toke
12:01:34 #102 plain  status=200 headers=1.2s firstByte=3.4s firstToken=18.6s end=18.6s chunks=7 provider=OpenInference finish=stop content=324 reasoning=1806 usage={"completion":478,"reasoning":404}
12:01:45 #103 stream status=200 headers=0.9s firstByte=0.9s firstToken=0.9s end=9.9s chunks=326 provider=OpenInference finish=stop content=15 reasoning=1511 usage={"reasoning_tokens":337,"image_tokens
12:01:51 #103 plain  status=200 headers=1.0s firstByte=3.4s firstToken=16.4s end=16.4s chunks=6 provider=OpenInference finish=stop content=283 reasoning=2205 usage={"completion":561,"reasoning":496}
12:02:05 #104 plain  status=200 headers=1.0s firstByte=3.4s firstToken=10.1s end=10.1s chunks=4 provider=OpenInference finish=stop content=15 reasoning=1468 usage={"completion":316,"reasoning":308}
12:02:07 #104 stream status=200 headers=0.9s firstByte=0.9s firstToken=0.9s end=12.0s chunks=404 provider=OpenInference finish=stop content=337 reasoning=1604 usage={"reasoning_tokens":367,"image_toke
12:02:30 #105 stream status=200 headers=1.0s firstByte=1.0s firstToken=1.0s end=15.3s chunks=495 provider=OpenInference finish=stop content=16 reasoning=2347 usage={"reasoning_tokens":520,"image_token
12:02:31 #105 plain  status=200 headers=1.1s firstByte=3.4s firstToken=16.2s end=16.2s chunks=6 provider=OpenInference finish=stop content=352 reasoning=2237 usage={"completion":562,"reasoning":486}
12:02:49 #106 plain  status=200 headers=1.1s firstByte=3.4s firstToken=13.7s end=13.7s chunks=5 provider=OpenInference finish=stop content=319 reasoning=1564 usage={"completion":430,"reasoning":359}
12:02:51 #106 stream status=200 headers=1.0s firstByte=1.0s firstToken=1.0s end=16.2s chunks=496 provider=OpenInference finish=stop content=290 reasoning=2206 usage={"reasoning_tokens":480,"image_toke
12:03:11 #107 plain  status=200 headers=0.9s firstByte=3.4s firstToken=16.2s end=16.2s chunks=6 provider=OpenInference finish=stop content=420 reasoning=2201 usage={"completion":565,"reasoning":480}
12:03:16 #107 stream status=200 headers=0.9s firstByte=0.9s firstToken=0.9s end=21.2s chunks=654 provider=OpenInference finish=stop content=16 reasoning=3246 usage={"reasoning_tokens":700,"image_token
12:03:27 #108 stream status=200 headers=1.0s firstByte=1.0s firstToken=1.0s end=11.6s chunks=357 provider=OpenInference finish=stop content=296 reasoning=1453 usage={"reasoning_tokens":327,"image_toke
12:03:49 #109 stream status=200 headers=1.0s firstByte=1.0s firstToken=1.0s end=13.9s chunks=439 provider=OpenInference finish=stop content=16 reasoning=2210 usage={"reasoning_tokens":466,"image_token
12:03:51 #109 plain  status=200 headers=0.8s firstByte=3.4s firstToken=15.9s end=15.9s chunks=6 provider=OpenInference finish=stop content=349 reasoning=2238 usage={"completion":573,"reasoning":496}
12:04:09 #110 stream status=200 headers=0.8s firstByte=0.8s firstToken=0.8s end=14.4s chunks=474 provider=OpenInference finish=stop content=291 reasoning=2115 usage={"reasoning_tokens":481,"image_toke
12:04:11 #108 plain  status=200 headers=1.2s firstByte=3.4s firstToken=56.2s end=56.2s chunks=19 provider=OpenInference finish=stop content=231 reasoning=8116 usage={"completion":1898,"reasoning":1844
12:04:14 #110 plain  status=200 headers=1.3s firstByte=3.5s firstToken=19.1s end=19.1s chunks=7 provider=OpenInference finish=stop content=315 reasoning=2811 usage={"completion":699,"reasoning":629}
12:04:34 #111 plain  status=200 headers=1.0s firstByte=3.4s firstToken=18.5s end=18.5s chunks=7 provider=OpenInference finish=stop content=312 reasoning=2554 usage={"completion":655,"reasoning":575}
12:04:48 #112 stream status=200 headers=1.0s firstByte=1.0s firstToken=1.0s end=13.5s chunks=441 provider=OpenInference finish=stop content=280 reasoning=1872 usage={"reasoning_tokens":427,"image_toke
12:04:53 #112 plain  status=200 headers=1.0s firstByte=3.4s firstToken=18.2s end=18.2s chunks=6 provider=OpenInference finish=stop content=16 reasoning=2860 usage={"completion":660,"reasoning":652}
12:04:58 #111 stream status=200 headers=0.8s firstByte=0.8s firstToken=0.8s end=42.7s chunks=1456 provider=OpenInference finish=stop content=231 reasoning=6709 usage={"reasoning_tokens":1543,"image_to
12:05:02 #113 plain  status=200 headers=1.0s firstByte=3.4s firstToken=7.4s end=7.4s chunks=3 provider=OpenInference finish=stop content=16 reasoning=1093 usage={"completion":246,"reasoning":238}
12:05:12 #113 stream status=200 headers=0.8s firstByte=0.8s firstToken=0.8s end=16.6s chunks=562 provider=OpenInference finish=stop content=16 reasoning=2773 usage={"reasoning_tokens":604,"image_token
12:05:23 #114 plain  status=200 headers=0.9s firstByte=3.4s firstToken=8.4s end=8.4s chunks=3 provider=OpenInference finish=stop content=15 reasoning=1277 usage={"completion":288,"reasoning":280}
12:05:32 #114 stream status=200 headers=1.4s firstByte=1.4s firstToken=1.4s end=17.1s chunks=518 provider=OpenInference finish=stop content=318 reasoning=2176 usage={"reasoning_tokens":493,"image_toke
12:05:47 #115 stream status=200 headers=1.1s firstByte=1.1s firstToken=1.1s end=11.5s chunks=368 provider=OpenInference finish=stop content=286 reasoning=1519 usage={"reasoning_tokens":324,"image_toke
12:05:53 #115 plain  status=200 headers=0.8s firstByte=3.4s firstToken=18.4s end=18.4s chunks=6 provider=OpenInference finish=stop content=388 reasoning=2724 usage={"completion":697,"reasoning":612}
12:06:04 #116 stream status=200 headers=0.9s firstByte=0.9s firstToken=0.9s end=8.9s chunks=309 provider=OpenInference finish=stop content=16 reasoning=1396 usage={"reasoning_tokens":318,"image_tokens
12:06:10 #116 plain  status=200 headers=1.4s firstByte=3.4s firstToken=14.5s end=14.5s chunks=5 provider=OpenInference finish=stop content=361 reasoning=1944 usage={"completion":504,"reasoning":432}
12:06:27 #117 plain  status=200 headers=0.8s firstByte=3.4s firstToken=12.2s end=12.2s chunks=4 provider=OpenInference finish=stop content=15 reasoning=2011 usage={"completion":444,"reasoning":436}
12:06:47 #117 stream status=200 headers=0.8s firstByte=0.8s firstToken=0.8s end=31.5s chunks=1082 provider=OpenInference finish=stop content=255 reasoning=5028 usage={"reasoning_tokens":1136,"image_to
12:06:59 #118 plain  status=200 headers=1.4s firstByte=3.4s firstToken=23.6s end=23.6s chunks=8 provider=OpenInference finish=stop content=300 reasoning=2974 usage={"completion":756,"reasoning":683}
12:07:07 #119 plain  status=200 headers=1.0s firstByte=3.4s firstToken=11.5s end=11.5s chunks=4 provider=OpenInference finish=stop content=15 reasoning=1742 usage={"completion":392,"reasoning":384}
12:07:29 #118 stream status=200 headers=1.1s firstByte=1.1s firstToken=1.1s end=54.1s chunks=1849 provider=OpenInference finish=stop content=257 reasoning=8754 usage={"reasoning_tokens":2001,"image_to
12:07:29 #120 plain  status=200 headers=1.0s firstByte=3.4s firstToken=14.1s end=14.1s chunks=5 provider=OpenInference finish=stop content=16 reasoning=2266 usage={"completion":500,"reasoning":492}
12:07:29 #119 stream status=200 headers=1.1s firstByte=1.1s firstToken=1.1s end=34.2s chunks=522 provider=OpenInference finish=stop content=297 reasoning=2193 usage={"reasoning_tokens":492,"image_toke
12:07:34 #120 stream status=200 headers=1.2s firstByte=1.2s firstToken=1.2s end=18.6s chunks=532 provider=OpenInference finish=stop content=371 reasoning=2270 usage={"reasoning_tokens":511,"image_toke
12:07:45 #121 plain  status=200 headers=1.3s firstByte=3.4s firstToken=10.4s end=10.4s chunks=4 provider=OpenInference finish=stop content=15 reasoning=1441 usage={"completion":316,"reasoning":308}
12:08:06 #121 stream status=200 headers=0.8s firstByte=0.8s firstToken=0.8s end=31.4s chunks=806 provider=OpenInference finish=stop content=310 reasoning=3566 usage={"reasoning_tokens":806,"image_toke
12:08:09 #122 stream status=200 headers=1.1s firstByte=1.1s firstToken=1.1s end=13.5s chunks=412 provider=OpenInference finish=stop content=15 reasoning=1957 usage={"reasoning_tokens":425,"image_token
12:08:13 #122 plain  status=200 headers=1.1s firstByte=3.4s firstToken=18.4s end=18.4s chunks=6 provider=OpenInference finish=stop content=365 reasoning=2561 usage={"completion":646,"reasoning":567}
12:08:24 #123 plain  status=200 headers=1.1s firstByte=3.5s firstToken=8.7s end=8.7s chunks=3 provider=OpenInference finish=stop content=16 reasoning=1267 usage={"completion":286,"reasoning":278}
12:08:31 #123 stream status=200 headers=1.0s firstByte=1.0s firstToken=1.0s end=15.6s chunks=374 provider=OpenInference finish=stop content=283 reasoning=1524 usage={"reasoning_tokens":343,"image_toke
12:08:51 #124 stream status=200 headers=1.0s firstByte=1.0s firstToken=1.0s end=16.4s chunks=509 provider=OpenInference finish=stop content=320 reasoning=2223 usage={"reasoning_tokens":490,"image_toke
12:08:57 #124 plain  status=200 headers=1.0s firstByte=3.4s firstToken=21.8s end=21.8s chunks=8 provider=OpenInference finish=stop content=384 reasoning=3204 usage={"completion":785,"reasoning":705}
12:09:14 #125 plain  status=200 headers=1.3s firstByte=3.5s firstToken=18.9s end=18.9s chunks=7 provider=OpenInference finish=stop content=311 reasoning=2480 usage={"completion":590,"reasoning":519}
12:09:16 #125 stream status=200 headers=1.0s firstByte=1.0s firstToken=1.0s end=20.8s chunks=615 provider=OpenInference finish=stop content=318 reasoning=2681 usage={"reasoning_tokens":590,"image_toke
12:09:41 #126 plain  status=200 headers=1.0s firstByte=3.4s firstToken=25.5s end=25.5s chunks=9 provider=OpenInference finish=stop content=15 reasoning=4614 usage={"completion":1025,"reasoning":1017}
12:09:52 #127 plain  status=200 headers=1.1s firstByte=3.4s firstToken=16.8s end=16.8s chunks=6 provider=OpenInference finish=stop content=269 reasoning=2094 usage={"completion":525,"reasoning":465}
12:09:53 #126 stream status=200 headers=1.1s firstByte=1.1s firstToken=1.1s end=38.3s chunks=1131 provider=OpenInference finish=stop content=16 reasoning=5552 usage={"reasoning_tokens":1230,"image_tok
12:10:01 #127 stream status=200 headers=1.0s firstByte=1.0s firstToken=1.0s end=26.2s chunks=900 provider=OpenInference finish=stop content=15 reasoning=4456 usage={"reasoning_tokens":974,"image_token
12:10:07 #128 stream status=200 headers=0.8s firstByte=0.8s firstToken=0.8s end=12.1s chunks=409 provider=OpenInference finish=stop content=16 reasoning=1973 usage={"reasoning_tokens":433,"image_token
12:10:34 #129 stream status=200 headers=0.9s firstByte=0.9s firstToken=0.9s end=18.5s chunks=598 provider=OpenInference finish=stop content=322 reasoning=2672 usage={"reasoning_tokens":590,"image_toke
12:10:42 #129 plain  status=200 headers=0.7s firstByte=3.4s firstToken=26.6s end=26.6s chunks=9 provider=OpenInference finish=stop content=286 reasoning=4095 usage={"completion":978,"reasoning":909}
12:10:51 #130 stream status=200 headers=0.9s firstByte=0.9s firstToken=0.9s end=16.1s chunks=520 provider=OpenInference finish=stop content=15 reasoning=2425 usage={"reasoning_tokens":540,"image_token
12:10:55 #130 plain  status=200 headers=1.0s firstByte=3.4s firstToken=20.0s end=20.0s chunks=7 provider=OpenInference finish=stop content=342 reasoning=2815 usage={"completion":710,"reasoning":636}
12:10:56 #128 plain  status=200 headers=1.0s firstByte=3.4s firstToken=61.3s end=61.3s chunks=21 provider=OpenInference finish=stop content=318 reasoning=9230 usage={"completion":2178,"reasoning":2105
12:11:08 #131 plain  status=200 headers=1.2s firstByte=3.4s firstToken=13.1s end=13.1s chunks=5 provider=OpenInference finish=stop content=312 reasoning=1784 usage={"completion":444,"reasoning":378}
12:11:21 #131 stream status=200 headers=1.1s firstByte=1.1s firstToken=1.1s end=25.7s chunks=638 provider=OpenInference finish=stop content=395 reasoning=2751 usage={"reasoning_tokens":617,"image_toke
12:11:26 #132 stream status=200 headers=0.9s firstByte=0.9s firstToken=0.9s end=11.3s chunks=370 provider=OpenInference finish=stop content=16 reasoning=1762 usage={"reasoning_tokens":382,"image_token
12:11:31 #132 plain  status=200 headers=1.0s firstByte=3.4s firstToken=16.3s end=16.3s chunks=6 provider=OpenInference finish=stop content=15 reasoning=2608 usage={"completion":562,"reasoning":554}
12:11:44 #133 plain  status=200 headers=1.3s firstByte=3.5s firstToken=8.6s end=8.6s chunks=3 provider=OpenInference finish=stop content=15 reasoning=1212 usage={"completion":276,"reasoning":268}
12:12:04 #133 stream status=200 headers=0.9s firstByte=0.9s firstToken=0.9s end=29.1s chunks=889 provider=OpenInference finish=stop content=250 reasoning=4188 usage={"reasoning_tokens":944,"image_toke
12:12:13 #134 plain  status=200 headers=1.1s firstByte=3.5s firstToken=18.4s end=18.4s chunks=6 provider=OpenInference finish=stop content=297 reasoning=1938 usage={"completion":501,"reasoning":440}
12:12:14 #134 stream status=200 headers=1.0s firstByte=1.0s firstToken=1.0s end=19.1s chunks=566 provider=OpenInference finish=stop content=262 reasoning=2570 usage={"reasoning_tokens":565,"image_toke
12:12:28 #135 stream status=200 headers=0.8s firstByte=0.9s firstToken=0.9s end=13.1s chunks=443 provider=OpenInference finish=stop content=405 reasoning=1717 usage={"reasoning_tokens":380,"image_toke
12:12:28 #135 plain  status=200 headers=0.9s firstByte=3.4s firstToken=13.2s end=13.2s chunks=5 provider=OpenInference finish=stop content=285 reasoning=1773 usage={"completion":472,"reasoning":402}
12:12:47 #136 plain  status=200 headers=1.0s firstByte=3.4s firstToken=12.2s end=12.2s chunks=4 provider=OpenInference finish=stop content=15 reasoning=1973 usage={"completion":440,"reasoning":432}
12:12:52 #136 stream status=200 headers=1.1s firstByte=1.1s firstToken=1.1s end=16.9s chunks=473 provider=OpenInference finish=stop content=16 reasoning=2285 usage={"reasoning_tokens":503,"image_token
12:13:02 #137 plain  status=200 headers=1.4s firstByte=3.4s firstToken=7.2s end=7.2s chunks=3 provider=OpenInference finish=stop content=15 reasoning=1117 usage={"completion":259,"reasoning":251}
12:13:05 #137 stream status=200 headers=1.0s firstByte=1.0s firstToken=1.0s end=9.5s chunks=316 provider=OpenInference finish=stop content=16 reasoning=1504 usage={"reasoning_tokens":324,"image_tokens
12:13:29 #138 stream status=200 headers=1.0s firstByte=1.0s firstToken=1.0s end=13.5s chunks=427 provider=OpenInference finish=stop content=291 reasoning=1808 usage={"reasoning_tokens":402,"image_toke
12:13:30 #138 plain  status=200 headers=0.9s firstByte=3.4s firstToken=14.4s end=14.4s chunks=5 provider=OpenInference finish=stop content=15 reasoning=2314 usage={"completion":518,"reasoning":510}
12:13:44 #139 stream status=200 headers=1.3s firstByte=1.3s firstToken=1.3s end=8.6s chunks=274 provider=OpenInference finish=stop content=15 reasoning=1289 usage={"reasoning_tokens":275,"image_tokens
12:13:52 #139 plain  status=200 headers=1.0s firstByte=3.5s firstToken=16.7s end=16.7s chunks=6 provider=OpenInference finish=stop content=298 reasoning=2083 usage={"completion":521,"reasoning":457}
12:14:06 #140 stream status=200 headers=1.0s firstByte=1.0s firstToken=1.0s end=11.3s chunks=325 provider=OpenInference finish=stop content=15 reasoning=1614 usage={"reasoning_tokens":353,"image_token
12:14:12 #140 plain  status=200 headers=1.0s firstByte=3.5s firstToken=16.5s end=16.5s chunks=6 provider=OpenInference finish=stop content=352 reasoning=2366 usage={"completion":615,"reasoning":537}
12:14:26 #141 stream status=200 headers=1.0s firstByte=1.0s firstToken=1.0s end=10.6s chunks=332 provider=OpenInference finish=stop content=329 reasoning=1353 usage={"reasoning_tokens":302,"image_toke
12:14:42 #141 plain  status=200 headers=1.2s firstByte=3.4s firstToken=27.2s end=27.2s chunks=9 provider=OpenInference finish=stop content=301 reasoning=3669 usage={"completion":874,"reasoning":808}
12:14:50 #142 plain  status=200 headers=1.0s firstByte=3.4s firstToken=15.0s end=15.0s chunks=5 provider=OpenInference finish=stop content=16 reasoning=2369 usage={"completion":524,"reasoning":516}
12:14:52 #142 stream status=200 headers=1.1s firstByte=1.1s firstToken=1.1s end=17.0s chunks=542 provider=OpenInference finish=stop content=307 reasoning=2447 usage={"reasoning_tokens":528,"image_toke
12:15:06 #143 stream status=200 headers=1.3s firstByte=1.3s firstToken=1.3s end=10.4s chunks=336 provider=OpenInference finish=stop content=15 reasoning=1581 usage={"reasoning_tokens":346,"image_token
12:15:25 #144 plain  status=200 headers=0.9s firstByte=3.5s firstToken=10.2s end=10.2s chunks=4 provider=OpenInference finish=stop content=15 reasoning=1437 usage={"completion":322,"reasoning":314}
12:15:29 #144 stream status=200 headers=1.1s firstByte=1.1s firstToken=1.1s end=14.4s chunks=481 provider=OpenInference finish=stop content=311 reasoning=1966 usage={"reasoning_tokens":444,"image_toke
12:15:37 #143 plain  status=200 headers=1.1s firstByte=3.4s firstToken=42.1s end=42.1s chunks=14 provider=OpenInference finish=stop content=265 reasoning=6444 usage={"completion":1521,"reasoning":1461
12:15:45 #145 stream status=200 headers=1.0s firstByte=1.0s firstToken=1.0s end=10.2s chunks=333 provider=OpenInference finish=stop content=16 reasoning=1517 usage={"reasoning_tokens":344,"image_token
12:15:54 #145 plain  status=200 headers=1.0s firstByte=3.5s firstToken=18.9s end=18.9s chunks=7 provider=OpenInference finish=stop content=342 reasoning=2501 usage={"completion":664,"reasoning":585}
12:16:08 #146 plain  status=200 headers=1.1s firstByte=3.5s firstToken=12.6s end=12.6s chunks=5 provider=OpenInference finish=stop content=281 reasoning=1612 usage={"completion":411,"reasoning":346}
12:16:16 #146 stream status=200 headers=1.1s firstByte=1.1s firstToken=1.1s end=20.6s chunks=626 provider=OpenInference finish=stop content=15 reasoning=3102 usage={"reasoning_tokens":657,"image_token
12:16:29 #147 stream status=200 headers=1.1s firstByte=1.1s firstToken=1.1s end=14.1s chunks=445 provider=OpenInference finish=stop content=270 reasoning=1946 usage={"reasoning_tokens":432,"image_toke
12:16:30 #147 plain  status=200 headers=1.1s firstByte=3.4s firstToken=15.2s end=15.2s chunks=5 provider=OpenInference finish=stop content=286 reasoning=2112 usage={"completion":526,"reasoning":461}
12:16:48 #148 stream status=200 headers=0.8s firstByte=0.8s firstToken=0.8s end=12.8s chunks=424 provider=OpenInference finish=stop content=15 reasoning=1967 usage={"reasoning_tokens":445,"image_token
12:16:55 #148 plain  status=200 headers=1.1s firstByte=3.4s firstToken=20.2s end=20.2s chunks=7 provider=OpenInference finish=stop content=250 reasoning=2800 usage={"completion":732,"reasoning":673}
12:17:14 #149 plain  status=200 headers=1.1s firstByte=3.4s firstToken=18.4s end=18.4s chunks=6 provider=OpenInference finish=stop content=275 reasoning=2754 usage={"completion":653,"reasoning":591}
12:17:21 #149 stream status=200 headers=0.9s firstByte=0.9s firstToken=0.9s end=26.2s chunks=901 provider=OpenInference finish=stop content=287 reasoning=4320 usage={"reasoning_tokens":957,"image_toke
12:17:24 #150 stream status=200 headers=1.0s firstByte=1.0s firstToken=1.0s end=8.7s chunks=290 provider=OpenInference finish=stop content=16 reasoning=1340 usage={"reasoning_tokens":291,"image_tokens
12:17:34 #150 plain  status=200 headers=1.1s firstByte=3.5s firstToken=18.8s end=18.8s chunks=7 provider=OpenInference finish=stop content=268 reasoning=2675 usage={"completion":666,"reasoning":608}
12:17:50 #151 plain  status=200 headers=0.9s firstByte=3.5s firstToken=15.0s end=15.0s chunks=5 provider=OpenInference finish=stop content=279 reasoning=2229 usage={"completion":552,"reasoning":490}
12:17:53 #151 stream status=200 headers=1.1s firstByte=1.1s firstToken=1.1s end=17.8s chunks=552 provider=OpenInference finish=stop content=296 reasoning=2321 usage={"reasoning_tokens":531,"image_toke
12:18:11 #152 stream status=200 headers=0.8s firstByte=0.8s firstToken=0.8s end=16.3s chunks=407 provider=OpenInference finish=stop content=364 reasoning=1646 usage={"reasoning_tokens":358,"image_toke
12:18:14 #152 plain  status=200 headers=0.8s firstByte=3.4s firstToken=18.5s end=18.5s chunks=7 provider=OpenInference finish=stop content=295 reasoning=2548 usage={"completion":643,"reasoning":576}
12:18:32 #153 plain  status=200 headers=1.2s firstByte=3.4s firstToken=16.8s end=16.8s chunks=6 provider=OpenInference finish=stop content=324 reasoning=2147 usage={"completion":536,"reasoning":469}
12:18:34 #153 stream status=200 headers=1.0s firstByte=1.0s firstToken=1.0s end=18.9s chunks=646 provider=OpenInference finish=stop content=337 reasoning=2827 usage={"reasoning_tokens":631,"image_toke
12:18:57 #154 stream status=200 headers=1.0s firstByte=1.0s firstToken=1.0s end=22.4s chunks=736 provider=OpenInference finish=stop content=349 reasoning=3169 usage={"reasoning_tokens":722,"image_toke
12:19:00 #154 plain  status=200 headers=1.1s firstByte=3.4s firstToken=25.1s end=25.1s chunks=9 provider=OpenInference finish=stop content=272 reasoning=3235 usage={"completion":830,"reasoning":766}
12:19:14 #155 stream status=200 headers=1.1s firstByte=1.1s firstToken=1.1s end=18.5s chunks=512 provider=OpenInference finish=stop content=253 reasoning=2141 usage={"reasoning_tokens":496,"image_toke
12:19:14 #155 plain  status=200 headers=1.1s firstByte=3.4s firstToken=18.6s end=18.6s chunks=7 provider=OpenInference finish=stop content=340 reasoning=2384 usage={"completion":606,"reasoning":529}
12:19:23 #156 stream status=200 headers=0.9s firstByte=0.9s firstToken=0.9s end=7.9s chunks=246 provider=OpenInference finish=stop content=15 reasoning=1154 usage={"reasoning_tokens":252,"image_tokens
12:19:32 #156 plain  status=200 headers=1.0s firstByte=3.4s firstToken=17.1s end=17.1s chunks=6 provider=OpenInference finish=stop content=319 reasoning=1976 usage={"completion":528,"reasoning":454}
12:19:52 #157 plain  status=200 headers=0.9s firstByte=3.4s firstToken=16.8s end=16.8s chunks=6 provider=OpenInference finish=stop content=319 reasoning=2468 usage={"completion":609,"reasoning":546}
12:20:10 #158 stream status=200 headers=1.3s firstByte=1.3s firstToken=1.3s end=14.8s chunks=477 provider=OpenInference finish=stop content=345 reasoning=2097 usage={"reasoning_tokens":453,"image_toke
12:20:11 #158 plain  status=200 headers=1.3s firstByte=3.4s firstToken=15.7s end=15.7s chunks=6 provider=OpenInference finish=stop content=318 reasoning=2077 usage={"completion":547,"reasoning":474}
12:20:14 #157 stream status=200 headers=1.0s firstByte=1.0s firstToken=1.0s end=39.0s chunks=1202 provider=OpenInference finish=stop content=275 reasoning=5878 usage={"reasoning_tokens":1275,"image_to
12:20:25 #159 plain  status=200 headers=1.0s firstByte=3.4s firstToken=9.8s end=9.8s chunks=4 provider=OpenInference finish=stop content=15 reasoning=1335 usage={"completion":299,"reasoning":291}
12:20:34 #159 stream status=200 headers=1.3s firstByte=1.3s firstToken=1.3s end=18.8s chunks=630 provider=OpenInference finish=stop content=16 reasoning=3038 usage={"reasoning_tokens":659,"image_token
12:20:51 #160 stream status=200 headers=1.1s firstByte=1.1s firstToken=1.1s end=16.3s chunks=541 provider=OpenInference finish=stop content=321 reasoning=2423 usage={"reasoning_tokens":510,"image_toke
12:20:53 #160 plain  status=200 headers=1.0s firstByte=3.4s firstToken=18.0s end=18.0s chunks=6 provider=OpenInference finish=stop content=302 reasoning=2530 usage={"completion":646,"reasoning":578}
12:21:02 #161 stream status=200 headers=1.0s firstByte=1.0s firstToken=1.0s end=7.1s chunks=240 provider=OpenInference finish=stop content=15 reasoning=1072 usage={"reasoning_tokens":243,"image_tokens
12:21:09 #161 plain  status=200 headers=0.9s firstByte=3.4s firstToken=14.2s end=14.2s chunks=5 provider=OpenInference finish=stop content=368 reasoning=1943 usage={"completion":510,"reasoning":430}
12:21:31 #162 stream status=200 headers=0.9s firstByte=0.9s firstToken=0.9s end=16.1s chunks=496 provider=OpenInference finish=stop content=284 reasoning=1967 usage={"reasoning_tokens":465,"image_toke
12:21:44 #163 plain  status=200 headers=1.5s firstByte=3.4s firstToken=9.2s end=9.2s chunks=3 provider=OpenInference finish=stop content=15 reasoning=1371 usage={"completion":309,"reasoning":301}
12:21:54 #163 stream status=200 headers=1.2s firstByte=1.2s firstToken=1.2s end=19.3s chunks=455 provider=OpenInference finish=stop content=314 reasoning=1825 usage={"reasoning_tokens":415,"image_toke
12:22:14 #164 plain  status=200 headers=1.0s firstByte=3.5s firstToken=19.3s end=19.3s chunks=7 provider=OpenInference finish=stop content=286 reasoning=2755 usage={"completion":673,"reasoning":610}
12:22:21 #164 stream status=200 headers=1.1s firstByte=1.1s firstToken=1.1s end=25.7s chunks=819 provider=OpenInference finish=stop content=311 reasoning=3978 usage={"reasoning_tokens":875,"image_toke
12:22:31 #165 stream status=200 headers=1.1s firstByte=1.1s firstToken=1.1s end=15.9s chunks=460 provider=OpenInference finish=stop content=327 reasoning=2089 usage={"reasoning_tokens":461,"image_toke
12:22:33 #162 plain  status=200 headers=1.0s firstByte=3.4s firstToken=77.9s end=77.9s chunks=26 provider=OpenInference finish=stop content=223 reasoning=11169 usage={"completion":2611,"reasoning":255
12:22:35 #165 plain  status=200 headers=1.4s firstByte=3.4s firstToken=20.2s end=20.2s chunks=7 provider=OpenInference finish=stop content=310 reasoning=2907 usage={"completion":736,"reasoning":668}
12:22:54 #166 plain  status=200 headers=1.1s firstByte=3.4s firstToken=19.1s end=19.1s chunks=7 provider=OpenInference finish=stop content=222 reasoning=2646 usage={"completion":656,"reasoning":603}
12:22:58 #166 stream status=200 headers=1.1s firstByte=1.1s firstToken=1.1s end=23.1s chunks=704 provider=OpenInference finish=stop content=275 reasoning=3197 usage={"reasoning_tokens":713,"image_toke
